// Jest Snapshot v1, https://goo.gl/fbAQLP

exports[`Home snapshot 1`] = `
<ThemeProvider
  theme={
    Object {
      "background": "#fff",
      "borderRadius": "3px",
      "brand": "#46bc99",
      "primary": "rgba(0, 0, 0, 1)",
      "secondary": "rgba(0, 0, 0, 0.8)",
    }
  }
>
  <styled.div>
    <styled.span
      data-cy="session-counter"
    >
      Sessions: 
      0
    </styled.span>
    <styled.main>
      <styled.h1
        data-cy="time"
      >
        25:00
      </styled.h1>
      <styled.button
        data-cy="start-countdown"
        onClick={[Function]}
      >
        Start
      </styled.button>
    </styled.main>
  </styled.div>
</ThemeProvider>
`;
